log/smt2perr184.smt2:1:48: expected positive 32 bit integer > 1 for exponent size, got '1'
