log/smt2perr114.smt2:1:10: sorts of arguments 1 and 2 of 'bvand' do not match
