log/smt2perr172.smt2:2:43: first argument to 'fp' invalid, expected bit-vector sort of size 1
