log/smt2perr185.smt2:1:50: expected positive 32 bit integer > 1 for significand size, got '1'
