log/smt2perr092.smt2:2:10: sorts of second and third argument to 'ite' do not match
