log/smt2perr068.smt2:2:15: expected bit-vector of size 1
