log/smt2perr009.smt2:1:9: assert argument is not a formula
