log/smt2perr080.smt2:3:10: sorts of arguments 1 and 2 of '=' do not match
