log/smt2perr183.smt2:1:24: expected positive 32 bit integer > 1 for significand size, got '1'
