log/smt2perr095.smt2:2:10: sorts of second and third argument to 'ite' do not match
