log/smt2perr159.smt2:1:24: expected decimal constant at '8.0'
