log/smt2perr000.smt2:1:10: sorts of arguments 1 and 2 of 'bvsle' do not match
