log/smt2perr105.smt2:2:10: element sort of array (first) argument and sort of element (second) argument to 'store' do not match
