log/smt2perr100.smt2:2:10: index sort of array (first) argument and sort of index (second) argument to 'select' do not match
