log/smt2perr182.smt2:1:22: expected positive 32 bit integer > 1 for exponent size, got '1'
