log/smt2perr093.smt2:3:10: sorts of second and third argument to 'ite' do not match
