log/smt2perr175.smt2:1:49: expected positive 32 bit integer > 1 for significand size, got '0'
