log/smt2perr188.smt2:1:46: expected positive 32 bit integer > 1 for exponent size, got '1'
