log/smt2perr094.smt2:3:10: sorts of second and third argument to 'ite' do not match
