log/smt2perr001.smt2:1:10: sorts of arguments 1 and 2 of 'bvsle' do not match
