log/smt2perr090.smt2:2:14: first argument of 'ite' is not a bit-vector of size 1
