log/smt2perr171.smt2:2:43: first argument to 'fp' invalid, expected bit-vector sort of size 1
